001|ff := 42
002|gg := ff:42
003|println( ~msg ff:42 )...
004|println( ~msg gg:-> 42 )...
005|ff = 43
006|println( ~msg ff:43 )...
007|println( ~msg gg:-> 43 )...
011|aaa = [ ] 
013|aaa[1]:42 = 42
015|aaa[2]:42 := aaa[1]:42
017|println( ~msg aaa[1]:42 )...
019|println( ~msg aaa[2]:42 )...
021|aaa[1]:43 = 43
023|println( ~msg aaa[1]:43 )...
025|println( ~msg aaa[2]:43 )...
029|a = 42
031|println( ~msg a:42 )...
033|b := a:42
035|println( ~msg b:-> 42 )...
037|a = 43
039|println( ~msg a:43 )...
040|println( ~msg b:-> 43 )...
044|aa = 'a'
046|println( ~msg aa:'a' )...
048|bb := aa:'a'
050|println( ~msg bb:-> 'a' )...
052|aa = 'aa'
054|println( ~msg aa:'aa' )...
055|println( ~msg bb:-> 'aa' )...
