prime number 2
prime number 3
prime number 5
prime number 7
prime number 11
prime number 13
prime number 17
prime number 19
prime number 23
prime number 29
prime number 31
prime number 37
prime number 41
prime number 43
prime number 47
prime number 53
prime number 59
prime number 61
prime number 67
prime number 71
prime number 73
prime number 79
prime number 83
prime number 89
prime number 97
