003|... = left( ~string 'abcdefg' ~length 3 )...
003|a = left( ~string 'abcdefg' ~length 3 ):'abc'
004|println( ~msg a:'abc' )...
006|... = left( ~string 'abcdefg' ~length 200 )...
006|a = left( ~string 'abcdefg' ~length 200 ):'abcdef'
007|println( ~msg a:'abcdef' )...
009|... = right( ~string 'abcdefg' ~length 3 )...
009|a = right( ~string 'abcdefg' ~length 3 ):'efg'
010|println( ~msg a:'efg' )...
012|... = right( ~string 'abcdefg' ~length 200 )...
012|a = right( ~string 'abcdefg' ~length 200 ):'abcdefg'
013|println( ~msg a:'abcdefg' )...
015|... = mid( ~string 'abcdefg' ~offset 2 ~length 3 )...
015|a = mid( ~string 'abcdefg' ~offset 2 ~length 3 ):'bcd'
016|println( ~msg a:'bcd' )...
018|... = mid( ~string 'abcdefg' ~offset 2 )...
018|a = mid( ~string 'abcdefg' ~offset 2 ):'bcdefg'
019|println( ~msg a:'bcdefg' )...
021|... = mid( ~string 'abcdefg' ~length 3 )...
021|a = mid( ~string 'abcdefg' ~length 3 ):'abc'
022|println( ~msg a:'abc' )...
024|... = mid( ~string 'abcdefg' ~offset  - 1 ~length 4 )...
024|a = mid( ~string 'abcdefg' ~offset  - 1 ~length 4 ):'ab'
025|println( ~msg a:'ab' )...
