003|a = { [ 1 , 2 , 3]  : 'a' , [ 2 , 3 , 4]  : 'b' , [ 3 , 4 , 5]  : 'c' , { 'a' : [ 1 , 2 , 3]  , 'b' : 'c' } : 'd' }
005|println( ~msg a{[ 1 , 2 , 3] }:'a' )...
006|println( ~msg a{[ 2 , 3 , 4] }:'b' )...
007|println( ~msg a{[ 3 , 4 , 5] }:'c' )...
009|println( ~msg a{{ 'a' : [ 1 , 2 , 3]  , 'b' : 'c' }}:'d' )...
