*** list *.c files ***
file name ../cutils/array.c
file name ../cutils/bhash.c
file name ../cutils/dbuf.c
file name ../cutils/dddlist.c
file name ../cutils/ddlist.c
file name ../cutils/dlist.c
file name ../cutils/dlistunr.c
file name ../cutils/dring.c
file name ../cutils/hashfunction.c
file name ../cutils/heap.c
file name ../cutils/properties.c
file name ../cutils/slist.c
file name ../cutils/sring.c
file name ../cutils/tree.c
file name ../cutils/util.c
*** eof files ***
*** list *.c and *.h files ***
file name ../cutils/array.h
file name ../cutils/base.h
file name ../cutils/bhash.h
file name ../cutils/dbuf.h
file name ../cutils/dddlist.h
file name ../cutils/ddlist.h
file name ../cutils/dlist.h
file name ../cutils/dlistunr.h
file name ../cutils/dring.h
file name ../cutils/hashfunction.h
file name ../cutils/heap.h
file name ../cutils/properties.h
file name ../cutils/slist.h
file name ../cutils/sring.h
file name ../cutils/strtoint.h
file name ../cutils/tree.h
file name ../cutils/util.h
file name ../cutils/array.c
file name ../cutils/bhash.c
file name ../cutils/dbuf.c
file name ../cutils/dddlist.c
file name ../cutils/ddlist.c
file name ../cutils/dlist.c
file name ../cutils/dlistunr.c
file name ../cutils/dring.c
file name ../cutils/hashfunction.c
file name ../cutils/heap.c
file name ../cutils/properties.c
file name ../cutils/slist.c
file name ../cutils/sring.c
file name ../cutils/tree.c
file name ../cutils/util.c
