graph of cos function
                                                                                *
                                                                               *
                                                                               *
                                                                              *
                                                                            *
                                                                           *
                                                                         *
                                                                      *
                                                                   *
                                                                *
                                                             *
                                                          *
                                                      *
                                                  *
                                              *
                                          *
                                      *
                                  *
                              *
                           *
                       *
                   *
                *
             *
          *
       *
     *
   *
  *
 *
*
*
*
*
 *
  *
    *
      *
        *
          *
graph of user defined function
*
  *
   *
     *
       *
         *
            *
               *
                  *
                      *
                          *
                              *
                                   *
                                        *
                                              *
                                                    *
                                                          *
                                                                 *
                                                                        *
                                                                                *
