039|... := makepoint( ~x 42 ~y 10 )...
014| return sub (~method)
039|point := makepoint( ~x 42 ~y 10 ):-> sub 
042|point:-> sub ( ~method 'print' )...
015| if (method:'print' eq 'move'):false
020| else if (method:'print' eq 'print'):true
021|  return sub ()
031| end # if
042|point:-> sub ( ~method 'print' ):-> sub (  )...
022| println( ~msg 'position x = ' .. outer.x:42 .. ' y = ' .. outer.y:10 .. '' )...
044|point:-> sub ( ~method 'move' )...
015| if (method:'move' eq 'move'):true
016|  return sub (~dx , ~dy)
019| end # if
044|point:-> sub ( ~method 'move' ):-> sub ( ~dx 10 ~dy 10 )...
017| outer.x = (outer.x:42 + dx:10):52
018| outer.y = (outer.y:10 + dy:10):20
047|point:-> sub ( ~method 'print' )...
015| if (method:'print' eq 'move'):false
020| else if (method:'print' eq 'print'):true
021|  return sub ()
031| end # if
047|point:-> sub ( ~method 'print' ):-> sub (  )...
022| println( ~msg 'position x = ' .. outer.x:52 .. ' y = ' .. outer.y:20 .. '' )...
050|println( ~msg 'horizontal postion ' .. point:-> sub ( ~method 'x-pos' )...
015| if (method:'x-pos' eq 'move'):false
020| else if (method:'x-pos' eq 'print'):false
024| else if (method:'x-pos' eq 'x-pos'):true
025|  return sub ()
031| end # if
050|println( ~msg 'horizontal postion ' .. point:-> sub ( ~method 'x-pos' ):-> sub (  )...
026| return outer.x:52
050|println( ~msg 'horizontal postion ' .. point:-> sub ( ~method 'x-pos' ):-> sub (  ):52 .. ' vertical position ' .. point:-> sub ( ~method 'y-pos' )...
015| if (method:'y-pos' eq 'move'):false
020| else if (method:'y-pos' eq 'print'):false
024| else if (method:'y-pos' eq 'x-pos'):false
028| else if (method:'y-pos' eq 'y-pos'):true
029|  return sub ()
031| end # if
050|println( ~msg 'horizontal postion ' .. point:-> sub ( ~method 'x-pos' ):-> sub (  ):52 .. ' vertical position ' .. point:-> sub ( ~method 'y-pos' ):-> sub (  )...
030| return outer.y:20
050|println( ~msg 'horizontal postion ' .. point:-> sub ( ~method 'x-pos' ):-> sub (  ):52 .. ' vertical position ' .. point:-> sub ( ~method 'y-pos' ):-> sub (  ):20 .. '' )...
