002|... = openpipe( ~cmdline 'tr a A' )...
002|f = openpipe( ~cmdline 'tr a A' ):->(0x9585978)
004|f{'write'}:sub write(( ~towrite 'aaaaaaa' ~numwrite 7 )...
004|f{'write'}:sub write(( ~towrite 'aaaaaaa' ~numwrite 7 ):7
006|f{'closewrite'}:sub closewrite((  )...
006|f{'closewrite'}:sub closewrite((  ):Nill
008|... = emptystring(  )...
008|output = emptystring(  ):''
010|f{'read'}:sub read(( ~toread output:'' ~numread 7 )...
010|f{'read'}:sub read(( ~toread output:'' ~numread 7 ):7
012|... = f{'wait'}:sub wait((  )...
012|status = f{'wait'}:sub wait((  ):0
014|println( ~msg 'output: ' .. output:'AAAAAAA' .. ' status: ' .. status:0 .. '' )...
