*** range of numbers ***
value 1
value 2
value 3
value 4
value 5
value 6
value 7
value 8
value 9
value 10
*** for each key and value in table ***
mon => Monday
fri => Friday
tue => Tuesday
thur => Thursday
sat => Shabbat
sun => Sunday
wed => Wednesday
*** for each key and value in table ***
mon => Monday
fri => Friday
tue => Tuesday
thur => Thursday
sat => Shabbat
sun => Sunday
wed => Wednesday
*** for each key in table ***
mon
fri
tue
thur
sat
sun
wed
*** for each value in table ***
Monday
Friday
Tuesday
Thursday
Shabbat
Sunday
Wednesday
